// Jest Snapshot v1, https://goo.gl/fbAQLP

exports[`<Contact /> renders correctly 1`] = `
<section
  className="contact-form"
>
  <h1
    className="contact"
  >
    <FormattedMessage
      defaultMessage="Contact me"
      id="contact.contact_me"
    />
  </h1>
  <Form
    className="contact"
    inline={false}
    method="post"
    name="contact"
    noValidate={true}
    onSubmit={[Function]}
    validated={false}
  >
    <FormGroup
      controlId="formNameEmail"
    >
      <FormRow>
        <Col>
          <FormLabel
            column={false}
            srOnly={false}
          >
            <FormattedMessage
              defaultMessage="Name"
              id="contact.name"
            />
          </FormLabel>
          <FormControl
            name="name"
            onChange={[Function]}
            placeholder="Name"
            required={true}
            type="text"
            value=""
          />
          <Feedback
            type="invalid"
          >
            <FormattedMessage
              defaultMessage="Please enter your name."
              id="contact.invalid_name"
            />
          </Feedback>
        </Col>
        <Col>
          <FormLabel
            column={false}
            srOnly={false}
          >
            <FormattedMessage
              defaultMessage="Email address"
              id="contact.email"
            />
          </FormLabel>
          <FormControl
            name="email"
            onChange={[Function]}
            placeholder="Enter email"
            required={true}
            type="email"
            value=""
          />
          <Feedback
            type="invalid"
          >
            <FormattedMessage
              defaultMessage="Please provide a valid email."
              id="contact.invalid_email"
            />
          </Feedback>
        </Col>
      </FormRow>
    </FormGroup>
    <FormGroup
      controlId="formMessage"
    >
      <FormLabel
        column={false}
        srOnly={false}
      >
        <FormattedMessage
          defaultMessage="Message"
          id="contact.message"
        />
      </FormLabel>
      <FormControl
        as="textarea"
        name="message"
        onChange={[Function]}
        required={true}
        rows="3"
        value=""
      />
      <Feedback
        type="invalid"
      >
        <FormattedMessage
          defaultMessage="Please enter a message."
          id="contact.invalid_message"
        />
      </Feedback>
    </FormGroup>
    <Button
      active={false}
      className="submit-button"
      disabled={false}
      type="submit"
      variant="dark"
    >
      <FormattedMessage
        defaultMessage="Submit"
        id="contact.submit"
      />
    </Button>
  </Form>
  <Modal
    animation={true}
    autoFocus={true}
    backdrop={true}
    dialogAs={
      Object {
        "$$typeof": Symbol(react.forward_ref),
        "displayName": "ModalDialog",
        "render": [Function],
      }
    }
    enforceFocus={true}
    keyboard={true}
    onHide={[Function]}
    restoreFocus={true}
    show={false}
  >
    <ModalHeader
      closeButton={true}
      closeLabel="Close"
    >
      <ModalTitle>
        <FormattedMessage
          defaultMessage="ðŸŽ‰ Success!"
          id="contact.success"
        />
      </ModalTitle>
    </ModalHeader>
    <ModalBody>
      <p>
        <FormattedMessage
          defaultMessage="If necessary, I will respond to you as soon as possible."
          id="contact.success_message"
        />
      </p>
    </ModalBody>
    <ModalFooter>
      <Button
        active={false}
        disabled={false}
        onClick={[Function]}
        variant="secondary"
      >
        <FormattedMessage
          defaultMessage="Close"
          id="contact.close"
        />
      </Button>
    </ModalFooter>
  </Modal>
</section>
`;
