// Jest Snapshot v1, https://goo.gl/fbAQLP

exports[`<Education /> renders correctly 1`] = `
<Card
  body={false}
>
  <CardLink
    href="http://www.queensu.ca/"
    rel="noopener"
    target="_blank"
  >
    <CardImg
      src="test-file-stub"
      variant="top"
    />
  </CardLink>
  <CardBody>
    <CardTitle>
      <FormattedMessage
        defaultMessage="Queen's University"
        id="education.queensu"
      />
    </CardTitle>
    <CardText>
      <strong>
        <FormattedMessage
          defaultMessage="Bachelor of Computing (Honours)"
          id="education.degree"
        />
      </strong>
      <br />
      <FormattedMessage
        defaultMessage="Specialization in Software Design with Professional Internship"
        id="education.program"
      />
      <br />
      <FormattedMessage
        defaultMessage="Deanâ€™s Honour List 2017-18"
        id="education.deans_list"
      />
    </CardText>
  </CardBody>
</Card>
`;
